[templates.hibootstrap.com/xpat/default/contact.html]
[templates.hibootstrap.com/xpat/default/assets/css/bootstrap.min.css]
[templates.hibootstrap.com/xpat/default/assets/css/boxicons.min.css]
[templates.hibootstrap.com/xpat/default/assets/fonts/flaticon/flaticon.css]
[templates.hibootstrap.com/xpat/default/assets/css/animate.min.css]
[templates.hibootstrap.com/xpat/default/assets/css/owl.carousel.min.css]
[templates.hibootstrap.com/xpat/default/assets/css/owl.theme.default.min.css]
[templates.hibootstrap.com/xpat/default/assets/css/magnific-popup.css]
[templates.hibootstrap.com/xpat/default/assets/css/meanmenu.css]
[templates.hibootstrap.com/xpat/default/assets/css/style.css]
[templates.hibootstrap.com/xpat/default/assets/css/dark.css]
[backblue.gif]
[fade.gif]
[index.html]
[templates.hibootstrap.com/xpat/default/assets/css/responsive.css]
[templates.hibootstrap.com/xpat/default/assets/img/favicon.png]
[templates.hibootstrap.com/xpat/default/index.html]
[templates.hibootstrap.com/xpat/default/assets/img/logo.png]
[templates.hibootstrap.com/xpat/default/index-two.html]
[templates.hibootstrap.com/xpat/default/index-three.html]
[templates.hibootstrap.com/xpat/default/service.html]
[templates.hibootstrap.com/xpat/default/service-two.html]
[templates.hibootstrap.com/xpat/default/service-details.html]
[templates.hibootstrap.com/xpat/default/project.html]
[templates.hibootstrap.com/xpat/default/project-two.html]
[templates.hibootstrap.com/xpat/default/project-three.html]
[templates.hibootstrap.com/xpat/default/project-details.html]
[templates.hibootstrap.com/xpat/default/about.html]
[templates.hibootstrap.com/xpat/default/team.html]
[templates.hibootstrap.com/xpat/default/faq.html]
[templates.hibootstrap.com/xpat/default/sign-in.html]
[templates.hibootstrap.com/xpat/default/sign-up.html]
[templates.hibootstrap.com/xpat/default/404.html]
[templates.hibootstrap.com/xpat/default/testimonial.html]
[templates.hibootstrap.com/xpat/default/privacy.html]
[templates.hibootstrap.com/xpat/default/terms.html]
[templates.hibootstrap.com/xpat/default/blog.html]
[templates.hibootstrap.com/xpat/default/blog-two.html]
[templates.hibootstrap.com/xpat/default/blog-details.html]
[templates.hibootstrap.com/cdn-cgi/scripts/5c5dd728/cloudflare-static/email-decode.min.js]
[templates.hibootstrap.com/xpat/default/assets/js/jquery.min.js]
[templates.hibootstrap.com/xpat/default/assets/js/bootstrap.bundle.min.js]
[templates.hibootstrap.com/xpat/default/assets/js/owl.carousel.min.js]
[templates.hibootstrap.com/xpat/default/assets/js/jquery.magnific-popup.min.js]
[templates.hibootstrap.com/xpat/default/assets/js/jquery.mixitup.min.js]
[templates.hibootstrap.com/xpat/default/assets/js/jquery.ajaxchimp.min.js]
[templates.hibootstrap.com/xpat/default/assets/js/form-validator.min.js]
[templates.hibootstrap.com/xpat/default/assets/js/contact-form-script.js]
[templates.hibootstrap.com/xpat/default/assets/js/meanmenu.js]
[templates.hibootstrap.com/xpat/default/contact.html]
[templates.hibootstrap.com/xpat/default/assets/css/bootstrap.min.css]
[templates.hibootstrap.com/xpat/default/assets/js/custom.js]
[templates.hibootstrap.com/xpat/default/assets/fonts/boxicons.eot]
[templates.hibootstrap.com/xpat/default/assets/fonts/boxicons.woff2]
[templates.hibootstrap.com/xpat/default/assets/fonts/boxicons.woff]
[templates.hibootstrap.com/xpat/default/assets/fonts/boxicons.ttf]
[templates.hibootstrap.com/xpat/default/assets/css/boxicons.min.css]
[templates.hibootstrap.com/xpat/default/assets/fonts/flaticon/Flaticon.eot]
[templates.hibootstrap.com/xpat/default/assets/fonts/boxiconsd41d.svg]
[templates.hibootstrap.com/xpat/default/assets/fonts/flaticon/Flaticond41d.eot]
[templates.hibootstrap.com/xpat/default/assets/fonts/flaticon/Flaticon.woff2]
[templates.hibootstrap.com/xpat/default/assets/fonts/flaticon/Flaticon.woff]
[templates.hibootstrap.com/xpat/default/assets/fonts/flaticon/Flaticon.ttf]
[templates.hibootstrap.com/xpat/default/assets/fonts/flaticon/Flaticon.svg]
[templates.hibootstrap.com/xpat/default/assets/fonts/flaticon/flaticon.css]
[templates.hibootstrap.com/xpat/default/assets/css/animate.min.css]
[templates.hibootstrap.com/xpat/default/assets/css/owl.video.play.png]
[templates.hibootstrap.com/xpat/default/assets/css/owl.carousel.min.css]
[templates.hibootstrap.com/xpat/default/assets/css/owl.theme.default.min.css]
[templates.hibootstrap.com/xpat/default/assets/css/magnific-popup.css]
[templates.hibootstrap.com/xpat/default/assets/css/meanmenu.css]
[templates.hibootstrap.com/xpat/default/assets/img/banner/1.jpg]
[templates.hibootstrap.com/xpat/default/assets/img/about/1.jpg]
[templates.hibootstrap.com/xpat/default/assets/img/counter/counter-bg.jpg]
[templates.hibootstrap.com/xpat/default/assets/img/counter/1.jpg]
[templates.hibootstrap.com/xpat/default/assets/img/counter/2.jpg]
[templates.hibootstrap.com/xpat/default/assets/img/counter/3.jpg]
[templates.hibootstrap.com/xpat/default/assets/img/counter/4.jpg]
[templates.hibootstrap.com/xpat/default/assets/img/video-bg.jpg]
[templates.hibootstrap.com/xpat/default/assets/img/banner/2.jpg]
[templates.hibootstrap.com/xpat/default/assets/img/banner/3.jpg]
[templates.hibootstrap.com/xpat/default/assets/img/facilities-bg.jpg]
[templates.hibootstrap.com/xpat/default/assets/img/facilities.jpg]
[templates.hibootstrap.com/xpat/default/assets/img/team/team-bg.jpg]
[templates.hibootstrap.com/xpat/default/assets/img/banner/4.jpg]
[templates.hibootstrap.com/xpat/default/assets/img/join-img.jpg]
[templates.hibootstrap.com/xpat/default/assets/img/title-bg/1.jpg]
[templates.hibootstrap.com/xpat/default/assets/img/contact-img.jpg]
[templates.hibootstrap.com/xpat/default/assets/img/title-bg/2.jpg]
[templates.hibootstrap.com/xpat/default/assets/img/title-bg/3.jpg]
[templates.hibootstrap.com/xpat/default/assets/img/title-bg/14.jpg]
[templates.hibootstrap.com/xpat/default/assets/img/title-bg/4.jpg]
[templates.hibootstrap.com/xpat/default/assets/img/title-bg/5.jpg]
[templates.hibootstrap.com/xpat/default/assets/img/title-bg/6.jpg]
[templates.hibootstrap.com/xpat/default/assets/img/title-bg/7.jpg]
[templates.hibootstrap.com/xpat/default/assets/img/title-bg/8.jpg]
[templates.hibootstrap.com/xpat/default/assets/img/title-bg/9.jpg]
[templates.hibootstrap.com/xpat/default/assets/img/faq.jpg]
[templates.hibootstrap.com/xpat/default/assets/img/title-bg/10.jpg]
[templates.hibootstrap.com/xpat/default/assets/img/title-bg/11.jpg]
[templates.hibootstrap.com/xpat/default/assets/img/title-bg/12.jpg]
[templates.hibootstrap.com/xpat/default/assets/img/title-bg/15.jpg]
[templates.hibootstrap.com/xpat/default/assets/img/title-bg/13.jpg]
[templates.hibootstrap.com/xpat/default/assets/img/blog/thumb-1.jpg]
[templates.hibootstrap.com/xpat/default/assets/img/blog/thumb-2.jpg]
[templates.hibootstrap.com/xpat/default/assets/img/blog/thumb-3.jpg]
[templates.hibootstrap.com/xpat/default/assets/img/blog/thumb-4.jpg]
[templates.hibootstrap.com/xpat/default/assets/img/404.jpg]
[templates.hibootstrap.com/xpat/default/assets/css/style.css]
[templates.hibootstrap.com/xpat/default/assets/img/night.png]
[templates.hibootstrap.com/xpat/default/assets/img/sunny.png]
[templates.hibootstrap.com/xpat/default/assets/css/dark.css]
[templates.hibootstrap.com/xpat/default/assets/css/responsive.css]
[templates.hibootstrap.com/xpat/default/assets/img/banner/banner-1.png]
[templates.hibootstrap.com/xpat/default/assets/img/about/sign.png]
[templates.hibootstrap.com/xpat/default/assets/img/service/1.jpg]
[templates.hibootstrap.com/xpat/default/assets/img/service/2.jpg]
[templates.hibootstrap.com/xpat/default/assets/img/service/3.jpg]
[templates.hibootstrap.com/xpat/default/assets/img/project/1.jpg]
[templates.hibootstrap.com/xpat/default/assets/img/project/2.jpg]
[templates.hibootstrap.com/xpat/default/assets/img/project/3.jpg]
[templates.hibootstrap.com/xpat/default/assets/img/team/member-1.jpg]
[templates.hibootstrap.com/xpat/default/assets/img/team/member-2.jpg]
[templates.hibootstrap.com/xpat/default/assets/img/team/member-3.jpg]
[templates.hibootstrap.com/xpat/default/assets/img/team/member-4.jpg]
[templates.hibootstrap.com/xpat/default/assets/img/blog/1.jpg]
[templates.hibootstrap.com/xpat/default/assets/img/blog/author1.jpg]
[templates.hibootstrap.com/xpat/default/assets/img/blog/2.jpg]
[templates.hibootstrap.com/xpat/default/assets/img/blog/author2.jpg]
[templates.hibootstrap.com/xpat/default/assets/img/blog/3.jpg]
[templates.hibootstrap.com/xpat/default/assets/img/blog/author3.jpg]
[templates.hibootstrap.com/xpat/default/index.html]
[templates.hibootstrap.com/xpat/default/assets/img/about/2.jpg]
[templates.hibootstrap.com/xpat/default/assets/img/team/1.jpg]
[templates.hibootstrap.com/xpat/default/assets/img/team/2.jpg]
[templates.hibootstrap.com/xpat/default/assets/img/team/3.jpg]
[templates.hibootstrap.com/xpat/default/assets/img/team/4.jpg]
[templates.hibootstrap.com/xpat/default/index-two.html]
[templates.hibootstrap.com/xpat/default/assets/img/company/1.png]
[templates.hibootstrap.com/xpat/default/assets/img/company/2.png]
[templates.hibootstrap.com/xpat/default/assets/img/company/3.png]
[templates.hibootstrap.com/xpat/default/assets/img/company/4.png]
[templates.hibootstrap.com/xpat/default/assets/img/company/5.png]
[templates.hibootstrap.com/xpat/default/index-three.html]
[templates.hibootstrap.com/xpat/default/assets/img/service/hover-2.jpg]
[templates.hibootstrap.com/xpat/default/assets/img/service/hover-3.jpg]
[templates.hibootstrap.com/xpat/default/assets/img/service/hover-4.jpg]
[templates.hibootstrap.com/xpat/default/assets/img/service/hover-5.jpg]
[templates.hibootstrap.com/xpat/default/assets/img/service/hover-7.jpg]
[templates.hibootstrap.com/xpat/default/assets/img/service/hover-6.jpg]
[templates.hibootstrap.com/xpat/default/service.html]
[templates.hibootstrap.com/xpat/default/assets/img/service/4.jpg]
[templates.hibootstrap.com/xpat/default/assets/img/about/3.jpg]
[templates.hibootstrap.com/xpat/default/service-two.html]
[templates.hibootstrap.com/xpat/default/assets/img/service/service-details-1.jpg]
[templates.hibootstrap.com/xpat/default/assets/img/service/service-details-2.jpg]
[templates.hibootstrap.com/xpat/default/service-details.html]
[templates.hibootstrap.com/xpat/default/project.html]
[templates.hibootstrap.com/xpat/default/assets/img/project/4.jpg]
[templates.hibootstrap.com/xpat/default/assets/img/project/5.jpg]
[templates.hibootstrap.com/xpat/default/assets/img/project/6.jpg]
[templates.hibootstrap.com/xpat/default/project-two.html]
[templates.hibootstrap.com/xpat/default/assets/img/project/7.jpg]
[templates.hibootstrap.com/xpat/default/assets/img/project/8.jpg]
[templates.hibootstrap.com/xpat/default/project-three.html]
[templates.hibootstrap.com/xpat/default/assets/img/project/slider1.jpg]
[templates.hibootstrap.com/xpat/default/assets/img/project/slider2.jpg]
[templates.hibootstrap.com/xpat/default/project-details.html]
[templates.hibootstrap.com/xpat/default/about.html]
[templates.hibootstrap.com/xpat/default/assets/img/team/5.jpg]
[templates.hibootstrap.com/xpat/default/assets/img/team/6.jpg]
[templates.hibootstrap.com/xpat/default/assets/img/team/7.jpg]
[templates.hibootstrap.com/xpat/default/assets/img/team/8.jpg]
[templates.hibootstrap.com/xpat/default/team.html]
[templates.hibootstrap.com/xpat/default/faq.html]
[templates.hibootstrap.com/xpat/default/sign-in.html]
[templates.hibootstrap.com/xpat/default/sign-up.html]
[templates.hibootstrap.com/xpat/default/404.html]
[templates.hibootstrap.com/xpat/default/assets/img/client-1.png]
[templates.hibootstrap.com/xpat/default/assets/img/client-2.png]
[templates.hibootstrap.com/xpat/default/testimonial.html]
[templates.hibootstrap.com/xpat/default/privacy.html]
[templates.hibootstrap.com/xpat/default/terms.html]
[templates.hibootstrap.com/xpat/default/assets/img/blog/4.jpg]
[templates.hibootstrap.com/xpat/default/assets/img/blog/author4.jpg]
[templates.hibootstrap.com/xpat/default/assets/img/blog/5.jpg]
[templates.hibootstrap.com/xpat/default/assets/img/blog/author5.jpg]
[templates.hibootstrap.com/xpat/default/assets/img/blog/6.jpg]
[templates.hibootstrap.com/xpat/default/assets/img/blog/author6.jpg]
[templates.hibootstrap.com/xpat/default/blog.html]
[templates.hibootstrap.com/xpat/default/blog-two.html]
[templates.hibootstrap.com/xpat/default/assets/img/blog/blog-details.jpg]
[templates.hibootstrap.com/xpat/default/blog-details.html]
[templates.hibootstrap.com/xpat/default/assets/fonts/boxiconsd41d.svg]
[templates.hibootstrap.com/xpat/default/assets/fonts/flaticon/Flaticon.html]
[templates.hibootstrap.com/xpat/default/assets/css/owl.video.play.html]
